MPLINK 5.08, LINKER
Linker Map File - Created Thu Sep 15 17:42:02 2022

                                 Section Info
                  Section       Type    Address   Location Size(Bytes)
                ---------  ---------  ---------  ---------  ---------
                   .org_0       code   0x000000    program   0x000000
                   .org_1       code   0x000000    program   0x000090
                   .cinit    romdata   0x000090    program   0x000002
.config_300001_BUILD/DEFAULT/PRODUCTION/LAB3P5.    romdata   0x300001    program   0x000001
.config_300002_BUILD/DEFAULT/PRODUCTION/LAB3P5.    romdata   0x300002    program   0x000001
.config_300003_BUILD/DEFAULT/PRODUCTION/LAB3P5.    romdata   0x300003    program   0x000001
.config_300006_BUILD/DEFAULT/PRODUCTION/LAB3P5.    romdata   0x300006    program   0x000001



                              Program Memory Usage 
                               Start         End      
                           ---------   ---------      
                            0x000000    0x000091      
                            0x300001    0x300003      
                            0x300006    0x300006      
            150 out of 66584 program addresses used, program memory utilization is 0%



                              Symbols - Sorted by Name
                     Name    Address   Location    Storage File                     
                ---------  ---------  ---------  --------- ---------                
            DELAY_ONE_SEC   0x00007a    program     static C:\Users\fatso\OneDrive\Desktop\ECE\ECE3301L\Lab3\Part5\lab3p5.X\Lab3p5.asm
                 FOR_LOOP   0x000060    program     static C:\Users\fatso\OneDrive\Desktop\ECE\ECE3301L\Lab3\Part5\lab3p5.X\Lab3p5.asm
               LOOP_INNER   0x000084    program     static C:\Users\fatso\OneDrive\Desktop\ECE\ECE3301L\Lab3\Part5\lab3p5.X\Lab3p5.asm
               LOOP_OUTER   0x00007e    program     static C:\Users\fatso\OneDrive\Desktop\ECE\ECE3301L\Lab3\Part5\lab3p5.X\Lab3p5.asm
                    START   0x000000    program     static C:\Users\fatso\OneDrive\Desktop\ECE\ECE3301L\Lab3\Part5\lab3p5.X\Lab3p5.asm
                    START   0x000000    program     static C:\Users\fatso\OneDrive\Desktop\ECE\ECE3301L\Lab3\Part5\lab3p5.X\Lab3p5.asm
               WHILE_LOOP   0x000050    program     static C:\Users\fatso\OneDrive\Desktop\ECE\ECE3301L\Lab3\Part5\lab3p5.X\Lab3p5.asm



                              Symbols - Sorted by Address
                     Name    Address   Location    Storage File                     
                ---------  ---------  ---------  --------- ---------                
                    START   0x000000    program     static C:\Users\fatso\OneDrive\Desktop\ECE\ECE3301L\Lab3\Part5\lab3p5.X\Lab3p5.asm
                    START   0x000000    program     static C:\Users\fatso\OneDrive\Desktop\ECE\ECE3301L\Lab3\Part5\lab3p5.X\Lab3p5.asm
               WHILE_LOOP   0x000050    program     static C:\Users\fatso\OneDrive\Desktop\ECE\ECE3301L\Lab3\Part5\lab3p5.X\Lab3p5.asm
                 FOR_LOOP   0x000060    program     static C:\Users\fatso\OneDrive\Desktop\ECE\ECE3301L\Lab3\Part5\lab3p5.X\Lab3p5.asm
            DELAY_ONE_SEC   0x00007a    program     static C:\Users\fatso\OneDrive\Desktop\ECE\ECE3301L\Lab3\Part5\lab3p5.X\Lab3p5.asm
               LOOP_OUTER   0x00007e    program     static C:\Users\fatso\OneDrive\Desktop\ECE\ECE3301L\Lab3\Part5\lab3p5.X\Lab3p5.asm
               LOOP_INNER   0x000084    program     static C:\Users\fatso\OneDrive\Desktop\ECE\ECE3301L\Lab3\Part5\lab3p5.X\Lab3p5.asm


