Microchip MPLAB XC8 Compiler V1.34 ()

Linker command line:

-W-3 --edf=C:\Program Files (x86)\Microchip\xc8\v1.34\dat\en_msgs.txt -cs \
  -h+dist/default/production\Lab11p3.X.production.sym \
  --cmf=dist/default/production\Lab11p3.X.production.cmf -z -Q18F4620 \
  -oC:\Users\fatso\AppData\Local\Temp\sf0o.6 \
  -Mdist/default/production/Lab11p3.X.production.map -E1 -ver=XC8 \
  -ASTACK=0154h-0f7fh -pstack=STACK -ACODE=00h-0FFFFh -ACONST=00h-0FFFFh \
  -ASMALLCONST=01000h-010FFhx240 -AMEDIUMCONST=01000h-0FFFFh \
  -ACOMRAM=01h-07Fh -AABS1=00h-0F7Fh -ABIGRAM=01h-0F7Fh \
  -ARAM=080h-0FFh,0100h-01FFhx14,0F00h-0F7Fh -ABANK0=080h-0FFh \
  -ABANK1=0100h-01FFh -ABANK2=0200h-02FFh -ABANK3=0300h-03FFh \
  -ABANK4=0400h-04FFh -ABANK5=0500h-05FFh -ABANK6=0600h-06FFh \
  -ABANK7=0700h-07FFh -ABANK8=0800h-08FFh -ABANK9=0900h-09FFh \
  -ABANK10=0A00h-0AFFh -ABANK11=0B00h-0BFFh -ABANK12=0C00h-0CFFh \
  -ABANK13=0D00h-0DFFh -ABANK14=0E00h-0EFFh -ABANK15=0F00h-0F7Fh \
  -ASFR=0F80h-0FFFh \
  -preset_vec=00h,intcode=08h,intcodelo,powerup,init,end_init \
  -pramtop=01000h -psmallconst=SMALLCONST -pmediumconst=MEDIUMCONST \
  -pconst=CONST -AFARRAM=00h-00h -ACONFIG=0300000h-030000Dh -pconfig=CONFIG \
  -AIDLOC=0200000h-0200007h -pidloc=IDLOC -AEEDATA=0F00000h-0F003FFh \
  -peeprom_data=EEDATA \
  -prdata=COMRAM,nvrram=COMRAM,nvbit=COMRAM,rbss=COMRAM,rbit=COMRAM \
  -pfarbss=FARRAM,fardata=FARRAM,nvFARRAM=FARRAM \
  -pintsave_regs=BIGRAM,bigbss=BIGRAM,bigdata=BIGRAM -pbss=RAM \
  -pidata=CODE,irdata=CODE,ibigdata=CODE,ifardata=CODE -prparam=COMRAM \
  C:\Users\fatso\AppData\Local\Temp\sf0o.obj \
  dist/default/production\Lab11p3.X.production.obj 

Object code version is 3.11

Machine type is 18F4620

Call graph: (short form)




                Name                               Link     Load   Length Selector   Space Scale
C:\Users\fatso\AppData\Local\Temp\sf0o.obj
                end_init                             18       18        4        4       0
                reset_vec                             0        0        4        0       0
                idloc                            200000   200000        8   200000       0
                config                           300000   300000        E   300000       0
dist/default/production\Lab11p3.X.production.obj
                intcode                               8        8       10        4       0
                mediumconst                        FD9A     FD9A      266     7ECD       0
                intcode_body                        BD8      BD8       68        4       0
                text48                             12AC     12AC        C      7DC       0
                text47                             12DE     12DE        8      7DC       0
                text46                             12D6     12D6        8      7DC       0
                text45                             12CC     12CC        A      7DC       0
                text44                             11F8     11F8       16      7DC       0
                text43                             126C     126C       12      7DC       0
                text42                             12C2     12C2        A      7DC       0
                text41                              EF0      EF0       48        4       0
                text40                             125A     125A       12      7DC       0
                text39                             1248     1248       12      7DC       0
                text38                             1034     1034       3E      7DC       0
                text37                             1072     1072       3C      7DC       0
                text36                              CA6      CA6       64        4       0
                text35                              C40      C40       66        4       0
                text34                             11DE     11DE       1A      7DC       0
                text33                             1184     1184       20      7DC       0
                text32                             11A4     11A4       1E      7DC       0
                text31                             12B8     12B8        A      7DC       0
                text30                             113A     113A       28      7DC       0
                text29                              DBA      DBA       52        4       0
                text28                             1236     1236       12      7DC       0
                text27                             1222     1222       14      7DC       0
                text26                             128E     128E       10      7DC       0
                text25                             127E     127E       10      7DC       0
                text24                              4CC      4CC      110        4       0
                text23                              FF6      FF6       3E      7DC       0
                text22                              6E6      6E6       F2        4       0
                text21                             1110     1110       2A      7DC       0
                text20                              E0C      E0C       4E        4       0
                text19                             10E0     10E0       30      7DC       0
                text18                              A66      A66       88        4       0
                text17                              EA6      EA6       4A        4       0
                text16                              376      376      156        4       0
                text15                              FB8      FB8       3E      7DC       0
                text14                              5DC      5DC      10A        4       0
                text13                              7D8      7D8       DC        4       0
                text12                             11C2     11C2       1C      7DC       0
                text11                             10AE     10AE       32      7DC       0
                text10                              9D8      9D8       8E        4       0
                text9                               B68      B68       70        4       0
                text8                              120E     120E       14      7DC       0
                text7                               F38      F38       40        4       0
                text6                               8B4      8B4       96        4       0
                text5                               D0A      D0A       5C        4       0
                text4                               E5A      E5A       4C        4       0
                text3                              1162     1162       22      7DC       0
                text2                              129E     129E        E      7DC       0
                text1                                1C       1C      35A        4       0
                text0                               94A      94A       8E        4       0
                cstackCOMRAM                          1        1       42        1       1
                cstackBANK0                          DE       DE        7       80       1
                dataBANK1                           100      100       54      100       1
                dataBANK0                            80       80       3F       80       1
                bssBANK0                             BF       BF       1F       80       1
                dataCOMRAM                           6C       6C        2        1       1
                bssCOMRAM                            43       43       29        1       1
                cinit                               AEE      AEE       7A        4       0
                idataBANK1                          D66      D66       54        4       0
                idataBANK0                          F78      F78       3F        4       0
                idataCOMRAM                        12E6     12E6        2      7DC       0

TOTAL           Name                               Link     Load   Length     Space
        CLASS   STACK          

        CLASS   CODE           
                end_init                             18       18        4         0
                intcode                               8        8       10         0
                reset_vec                             0        0        4         0
                intcode_body                        BD8      BD8       68         0
                text48                             12AC     12AC        C         0
                text47                             12DE     12DE        8         0
                text46                             12D6     12D6        8         0
                text45                             12CC     12CC        A         0
                text44                             11F8     11F8       16         0
                text43                             126C     126C       12         0
                text42                             12C2     12C2        A         0
                text41                              EF0      EF0       48         0
                text40                             125A     125A       12         0
                text39                             1248     1248       12         0
                text38                             1034     1034       3E         0
                text37                             1072     1072       3C         0
                text36                              CA6      CA6       64         0
                text35                              C40      C40       66         0
                text34                             11DE     11DE       1A         0
                text33                             1184     1184       20         0
                text32                             11A4     11A4       1E         0
                text31                             12B8     12B8        A         0
                text30                             113A     113A       28         0
                text29                              DBA      DBA       52         0
                text28                             1236     1236       12         0
                text27                             1222     1222       14         0
                text26                             128E     128E       10         0
                text25                             127E     127E       10         0
                text24                              4CC      4CC      110         0
                text23                              FF6      FF6       3E         0
                text22                              6E6      6E6       F2         0
                text21                             1110     1110       2A         0
                text20                              E0C      E0C       4E         0
                text19                             10E0     10E0       30         0
                text18                              A66      A66       88         0
                text17                              EA6      EA6       4A         0
                text16                              376      376      156         0
                text15                              FB8      FB8       3E         0
                text14                              5DC      5DC      10A         0
                text13                              7D8      7D8       DC         0
                text12                             11C2     11C2       1C         0
                text11                             10AE     10AE       32         0
                text10                              9D8      9D8       8E         0
                text9                               B68      B68       70         0
                text8                              120E     120E       14         0
                text7                               F38      F38       40         0
                text6                               8B4      8B4       96         0
                text5                               D0A      D0A       5C         0
                text4                               E5A      E5A       4C         0
                text3                              1162     1162       22         0
                text2                              129E     129E        E         0
                text1                                1C       1C      35A         0
                text0                               94A      94A       8E         0
                cinit                               AEE      AEE       7A         0
                idataBANK1                          D66      D66       54         0
                idataBANK0                          F78      F78       3F         0
                idataCOMRAM                        12E6     12E6        2         0

        CLASS   CONST          

        CLASS   SMALLCONST     

        CLASS   MEDIUMCONST    
                mediumconst                        FD9A     FD9A      266         0

        CLASS   COMRAM         
                cstackCOMRAM                          1        1       42         1
                dataCOMRAM                           6C       6C        2         1
                bssCOMRAM                            43       43       29         1

        CLASS   ABS1           

        CLASS   BIGRAM         

        CLASS   RAM            

        CLASS   BANK0          
                cstackBANK0                          DE       DE        7         1
                dataBANK0                            80       80       3F         1
                bssBANK0                             BF       BF       1F         1

        CLASS   BANK1          
                dataBANK1                           100      100       54         1

        CLASS   BANK2          

        CLASS   BANK3          

        CLASS   BANK4          

        CLASS   BANK5          

        CLASS   BANK6          

        CLASS   BANK7          

        CLASS   BANK8          

        CLASS   BANK9          

        CLASS   BANK10         

        CLASS   BANK11         

        CLASS   BANK12         

        CLASS   BANK13         

        CLASS   BANK14         

        CLASS   BANK15         

        CLASS   SFR            

        CLASS   FARRAM         

        CLASS   CONFIG         
                config                           300000   300000        E         0

        CLASS   IDLOC          
                idloc                            200000   200000        8         0

        CLASS   EEDATA         



SEGMENTS        Name                           Load    Length   Top    Selector   Space  Class

                reset_vec                      000000  000004  000004         0       0  CODE    
                cstackCOMRAM                   000001  00006D  00006E         1       1  COMRAM  
                intcode                        000008  000FAF  000FB7         4       0  CODE    
                dataBANK0                      000080  000065  0000E5        80       1  BANK0   
                dataBANK1                      000100  000054  000154       100       1  BANK1   
                text15                         000FB8  000330  0012E8       7DC       0  CODE    
                mediumconst                    00FD9A  000266  010000      7ECD       0  MEDIUMCO
                idloc                          200000  000008  200008    200000       0  IDLOC   
                config                         300000  00000E  30000E    300000       0  CONFIG  


UNUSED ADDRESS RANGES

        Name                Unused          Largest block    Delta
        BANK0            0000E5-0000FF               1B
        BANK1            000154-0001FF               AC
        BANK10           000A00-000AFF              100
        BANK11           000B00-000BFF              100
        BANK12           000C00-000CFF              100
        BANK13           000D00-000DFF              100
        BANK14           000E00-000EFF              100
        BANK15           000F00-000F7F               80
        BANK2            000200-0002FF              100
        BANK3            000300-0003FF              100
        BANK4            000400-0004FF              100
        BANK5            000500-0005FF              100
        BANK6            000600-0006FF              100
        BANK7            000700-0007FF              100
        BANK8            000800-0008FF              100
        BANK9            000900-0009FF              100
        BIGRAM           00006E-00007F               12
                         0000E5-0000FF               1B
                         000154-000F7F              E2C
        CODE             000004-000007                4
                         000FB7-000FB7                1
                         0012E8-00FD99             EAB2
        COMRAM           00006E-00007F               12
        CONST            000004-000007                4
                         000FB7-000FB7                1
                         0012E8-00FD99             EAB2
        EEDATA           F00000-F003FF              400
        MEDIUMCONST      0012E8-00FD99             EAB2
        RAM              0000E5-0000FF               1B
                         000154-000F7F              100
        SFR              000F80-000FFF               80
        SMALLCONST       0012E8-00FD99              100
        STACK            000154-000F7F              E2C

                                  Symbol Table

?_DS1621_Read_Temp                 cstackCOMRAM 000012
?___awdiv                          cstackCOMRAM 00000F
?___lwdiv                          cstackCOMRAM 00000F
?___lwmod                          cstackCOMRAM 000016
?___wmul                           cstackCOMRAM 00000F
?_printf                           cstackCOMRAM 00001B
?_strlen                           cstackCOMRAM 00000F
DS1621_Init@Device                 cstackCOMRAM 000014
DS1621_Read_Temp@Cmd               cstackCOMRAM 000014
DS1621_Read_Temp@Data_Ret          cstackCOMRAM 000015
DS1621_Read_Temp@Device            cstackCOMRAM 000016
DS3231_Read_Time@Address           cstackCOMRAM 000012
DS3231_Read_Time@Device            cstackCOMRAM 000013
DS3231_Setup_Time@Address          cstackCOMRAM 000012
DS3231_Setup_Time@Device           cstackCOMRAM 000011
I2C_Init@c                         cstackCOMRAM 00000F
I2C_Read@ack                       cstackCOMRAM 00000F
I2C_Read@inByte                    cstackCOMRAM 000011
I2C_Read@n                         cstackCOMRAM 000010
I2C_Write@n                        cstackCOMRAM 000010
I2C_Write@outByte                  cstackCOMRAM 00000F
I2C_Write_Cmd_Only@Cmd             cstackCOMRAM 000011
I2C_Write_Cmd_Only@Device          cstackCOMRAM 000012
I2C_Write_Cmd_Write_Data@Cmd       cstackCOMRAM 000011
I2C_Write_Cmd_Write_Data@Data_Out  cstackCOMRAM 000012
I2C_Write_Cmd_Write_Data@Device    cstackCOMRAM 000013
OpenUSART@config                   cstackCOMRAM 000011
OpenUSART@spbrg                    cstackCOMRAM 00000F
_ADCON1                            (abs)        000FC1
_DS1621_Init                       text32       0011A4
_DS1621_Read_Temp                  text37       001072
_DS3231_Read_Time                  text36       000CA6
_DS3231_Setup_Time                 text35       000C40
_Do_Init                           text7        000F38
_I2C_Init                          text31       0012B8
_I2C_ReStart                       text44       0011F8
_I2C_Read                          text41       000EF0
_I2C_Start                         text40       00125A
_I2C_Stop                          text39       001248
_I2C_Write                         text38       001034
_I2C_Write_Cmd_Only                text34       0011DE
_I2C_Write_Cmd_Write_Data          text33       001184
_Initialize_Screen                 text10       0009D8
_LCD_Reset                         text28       001236
_Nec_code                          bssCOMRAM    000043
_Nec_code1                         bssCOMRAM    00004F
_Nec_state                         bssCOMRAM    000050
_OSCCON                            (abs)        000FD3
_OpenUSART                         text9        000B68
_PIE1bits                          (abs)        000F9D
_PIR1bits                          (abs)        000F9E
_PIR2bits                          (abs)        000FA1
_PORTAbits                         (abs)        000F80
_PORTCbits                         (abs)        000F82
_RBPU                              (abs)        007F8F
_RCSTA                             (abs)        000FAB
_RCSTAbits                         (abs)        000FAB
_Rcmd1                             text24       0004CC
_Rcmd2red                          text23       000FF6
_Rcmd3                             text22       0006E6
_SPBRG                             (abs)        000FAF
_SPBRGH                            (abs)        000FB0
_SSPBUF                            (abs)        000FC9
_SSPCON1                           (abs)        000FC6
_SSPSTAT                           (abs)        000FC7
_SSPSTATbits                       (abs)        000FC7
_T3CON                             (abs)        000FB1
_T3CONbits                         (abs)        000FB1
_TFT_GreenTab_Initialize           text21       001110
_TMR3H                             (abs)        000FB3
_TMR3L                             (abs)        000FB2
_TRISA                             (abs)        000F92
_TRISAbits                         (abs)        000F92
_TRISB                             (abs)        000F93
_TRISC                             (abs)        000F94
_TRISCbits                         (abs)        000F94
_TRISD                             (abs)        000F95
_TRISE                             (abs)        000F96
_TRMT                              (abs)        007D61
_TXREG                             (abs)        000FAD
_TXSTA                             (abs)        000FAC
_TXSTAbits                         (abs)        000FAC
_TempSecond                        bssCOMRAM    000051
_Time_Elapsed                      bssCOMRAM    000047
__CFG_BOREN$OFF                    (abs)        000000
__CFG_CCP2MX$PORTBE                (abs)        000000
__CFG_LVP$OFF                      (abs)        000000
__CFG_OSC$INTIO67                  (abs)        000000
__CFG_WDT$OFF                      (abs)        000000
__HRAM                             (abs)        000000
__Habs1                            abs1         000000
__Hbank0                           bank0        000000
__Hbank1                           bank1        000000
__Hbank10                          bank10       000000
__Hbank11                          bank11       000000
__Hbank12                          bank12       000000
__Hbank13                          bank13       000000
__Hbank14                          bank14       000000
__Hbank15                          bank15       000000
__Hbank2                           bank2        000000
__Hbank3                           bank3        000000
__Hbank4                           bank4        000000
__Hbank5                           bank5        000000
__Hbank6                           bank6        000000
__Hbank7                           bank7        000000
__Hbank8                           bank8        000000
__Hbank9                           bank9        000000
__Hbigbss                          bigbss       000000
__Hbigdata                         bigdata      000000
__Hbigram                          bigram       000000
__Hbss                             bss          000000
__HbssBANK0                        bssBANK0     000000
__HbssCOMRAM                       bssCOMRAM    000000
__Hcinit                           cinit        000000
__Hclrtext                         clrtext      000000
__Hcomram                          comram       000000
__Hconfig                          config       30000E
__Hconst                           const        000000
__HcstackBANK0                     cstackBANK0  000000
__HcstackCOMRAM                    cstackCOMRAM 000000
__Hdata                            data         000000
__HdataBANK0                       dataBANK0    000000
__HdataBANK1                       dataBANK1    000000
__HdataCOMRAM                      dataCOMRAM   000000
__Heeprom_data                     eeprom_data  000000
__Hend_init                        end_init     00001C
__Hfarbss                          farbss       000000
__Hfardata                         fardata      000000
__Hibigdata                        ibigdata     000000
__Hidata                           idata        000000
__HidataBANK0                      idataBANK0   000000
__HidataBANK1                      idataBANK1   000000
__HidataCOMRAM                     idataCOMRAM  000000
__Hidloc                           idloc        200008
__Hifardata                        ifardata     000000
__Hinit                            init         000018
__Hintcode                         intcode      000018
__Hintcode_body                    intcode_body 000000
__Hintcodelo                       intcodelo    000018
__Hintentry                        intentry     000000
__Hintret                          intret       000000
__Hintsave_regs                    intsave_regs 000000
__Hirdata                          irdata       000000
__Hmediumconst                     mediumconst  010000
__HnvFARRAM                        nvFARRAM     000000
__Hnvbit                           nvbit        000000
__Hnvrram                          nvrram       000000
__Hparam                           rparam       000000
__Hpowerup                         powerup      000018
__Hram                             ram          000000
__Hramtop                          ramtop       001000
__Hrbit                            rbit         000000
__Hrbss                            rbss         000000
__Hrdata                           rdata        000000
__Hreset_vec                       reset_vec    000004
__Hrparam                          rparam       000000
__Hsfr                             sfr          000000
__Hsmallconst                      smallconst   000000
__Hspace_0                         (abs)        30000E
__Hspace_1                         (abs)        000154
__Hspace_2                         (abs)        000000
__Hstack                           stack        000000
__Hstruct                          struct       000000
__Htemp                            temp         000000
__Htext                            text         000000
__Htext0                           text0        000000
__Htext1                           text1        000000
__Htext10                          text10       000000
__Htext11                          text11       000000
__Htext12                          text12       000000
__Htext13                          text13       000000
__Htext14                          text14       000000
__Htext15                          text15       000000
__Htext16                          text16       000000
__Htext17                          text17       000000
__Htext18                          text18       000000
__Htext19                          text19       000000
__Htext2                           text2        000000
__Htext20                          text20       000000
__Htext21                          text21       000000
__Htext22                          text22       000000
__Htext23                          text23       000000
__Htext24                          text24       000000
__Htext25                          text25       000000
__Htext26                          text26       000000
__Htext27                          text27       000000
__Htext28                          text28       000000
__Htext29                          text29       000000
__Htext3                           text3        000000
__Htext30                          text30       000000
__Htext31                          text31       000000
__Htext32                          text32       000000
__Htext33                          text33       000000
__Htext34                          text34       000000
__Htext35                          text35       000000
__Htext36                          text36       000000
__Htext37                          text37       000000
__Htext38                          text38       000000
__Htext39                          text39       000000
__Htext4                           text4        000000
__Htext40                          text40       000000
__Htext41                          text41       000000
__Htext42                          text42       000000
__Htext43                          text43       000000
__Htext44                          text44       000000
__Htext45                          text45       000000
__Htext46                          text46       000000
__Htext47                          text47       000000
__Htext48                          text48       000000
__Htext5                           text5        000000
__Htext6                           text6        000000
__Htext7                           text7        000000
__Htext8                           text8        000000
__Htext9                           text9        000000
__LRAM                             (abs)        000001
__Labs1                            abs1         000000
__Lbank0                           bank0        000000
__Lbank1                           bank1        000000
__Lbank10                          bank10       000000
__Lbank11                          bank11       000000
__Lbank12                          bank12       000000
__Lbank13                          bank13       000000
__Lbank14                          bank14       000000
__Lbank15                          bank15       000000
__Lbank2                           bank2        000000
__Lbank3                           bank3        000000
__Lbank4                           bank4        000000
__Lbank5                           bank5        000000
__Lbank6                           bank6        000000
__Lbank7                           bank7        000000
__Lbank8                           bank8        000000
__Lbank9                           bank9        000000
__Lbigbss                          bigbss       000000
__Lbigdata                         bigdata      000000
__Lbigram                          bigram       000000
__Lbss                             bss          000000
__LbssBANK0                        bssBANK0     000000
__LbssCOMRAM                       bssCOMRAM    000000
__Lcinit                           cinit        000000
__Lclrtext                         clrtext      000000
__Lcomram                          comram       000000
__Lconfig                          config       300000
__Lconst                           const        000000
__LcstackBANK0                     cstackBANK0  000000
__LcstackCOMRAM                    cstackCOMRAM 000000
__Ldata                            data         000000
__LdataBANK0                       dataBANK0    000000
__LdataBANK1                       dataBANK1    000000
__LdataCOMRAM                      dataCOMRAM   000000
__Leeprom_data                     eeprom_data  000000
__Lend_init                        end_init     000018
__Lfarbss                          farbss       000000
__Lfardata                         fardata      000000
__Libigdata                        ibigdata     000000
__Lidata                           idata        000000
__LidataBANK0                      idataBANK0   000000
__LidataBANK1                      idataBANK1   000000
__LidataCOMRAM                     idataCOMRAM  000000
__Lidloc                           idloc        200000
__Lifardata                        ifardata     000000
__Linit                            init         000018
__Lintcode                         intcode      000008
__Lintcode_body                    intcode_body 000000
__Lintcodelo                       intcodelo    000018
__Lintentry                        intentry     000000
__Lintret                          intret       000000
__Lintsave_regs                    intsave_regs 000000
__Lirdata                          irdata       000000
__Lmediumconst                     mediumconst  00FD9A
__LnvFARRAM                        nvFARRAM     000000
__Lnvbit                           nvbit        000000
__Lnvrram                          nvrram       000000
__Lparam                           rparam       000000
__Lpowerup                         powerup      000018
__Lram                             ram          000000
__Lramtop                          ramtop       001000
__Lrbit                            rbit         000000
__Lrbss                            rbss         000000
__Lrdata                           rdata        000000
__Lreset_vec                       reset_vec    000000
__Lrparam                          rparam       000000
__Lsfr                             sfr          000000
__Lsmallconst                      smallconst   000000
__Lspace_0                         (abs)        000000
__Lspace_1                         (abs)        000000
__Lspace_2                         (abs)        000000
__Lstack                           stack        000000
__Lstruct                          struct       000000
__Ltemp                            temp         000000
__Ltext                            text         000000
__Ltext0                           text0        000000
__Ltext1                           text1        000000
__Ltext10                          text10       000000
__Ltext11                          text11       000000
__Ltext12                          text12       000000
__Ltext13                          text13       000000
__Ltext14                          text14       000000
__Ltext15                          text15       000000
__Ltext16                          text16       000000
__Ltext17                          text17       000000
__Ltext18                          text18       000000
__Ltext19                          text19       000000
__Ltext2                           text2        000000
__Ltext20                          text20       000000
__Ltext21                          text21       000000
__Ltext22                          text22       000000
__Ltext23                          text23       000000
__Ltext24                          text24       000000
__Ltext25                          text25       000000
__Ltext26                          text26       000000
__Ltext27                          text27       000000
__Ltext28                          text28       000000
__Ltext29                          text29       000000
__Ltext3                           text3        000000
__Ltext30                          text30       000000
__Ltext31                          text31       000000
__Ltext32                          text32       000000
__Ltext33                          text33       000000
__Ltext34                          text34       000000
__Ltext35                          text35       000000
__Ltext36                          text36       000000
__Ltext37                          text37       000000
__Ltext38                          text38       000000
__Ltext39                          text39       000000
__Ltext4                           text4        000000
__Ltext40                          text40       000000
__Ltext41                          text41       000000
__Ltext42                          text42       000000
__Ltext43                          text43       000000
__Ltext44                          text44       000000
__Ltext45                          text45       000000
__Ltext46                          text46       000000
__Ltext47                          text47       000000
__Ltext48                          text48       000000
__Ltext5                           text5        000000
__Ltext6                           text6        000000
__Ltext7                           text7        000000
__Ltext8                           text8        000000
__Ltext9                           text9        000000
__S0                               (abs)        30000E
__S1                               (abs)        000154
__S2                               (abs)        000000
___awdiv                           text6        0008B4
___awdiv@counter                   cstackCOMRAM 000013
___awdiv@dividend                  cstackCOMRAM 00000F
___awdiv@divisor                   cstackCOMRAM 000011
___awdiv@quotient                  cstackCOMRAM 000015
___awdiv@sign                      cstackCOMRAM 000014
___inthi_sp                        stack        000000
___intlo_sp                        stack        000000
___lwdiv                           text5        000D0A
___lwdiv@counter                   cstackCOMRAM 000015
___lwdiv@dividend                  cstackCOMRAM 00000F
___lwdiv@divisor                   cstackCOMRAM 000011
___lwdiv@quotient                  cstackCOMRAM 000013
___lwmod                           text4        000E5A
___lwmod@counter                   cstackCOMRAM 00001A
___lwmod@dividend                  cstackCOMRAM 000016
___lwmod@divisor                   cstackCOMRAM 000018
___param_bank                      (abs)        000010
___rparam_used                     (abs)        000001
___sp                              stack        000000
___wmul                            text30       00113A
___wmul@multiplicand               cstackCOMRAM 000011
___wmul@multiplier                 cstackCOMRAM 00000F
___wmul@product                    cstackCOMRAM 000013
__accesstop                        (abs)        000080
__activetblptr                     (abs)        000002
__end_of_DS1621_Init               text32       0011C2
__end_of_DS1621_Read_Temp          text37       0010AE
__end_of_DS3231_Read_Time          text36       000D0A
__end_of_DS3231_Setup_Time         text35       000CA6
__end_of_Do_Init                   text7        000F78
__end_of_I2C_Init                  text31       0012C2
__end_of_I2C_ReStart               text44       00120E
__end_of_I2C_Read                  text41       000F38
__end_of_I2C_Start                 text40       00126C
__end_of_I2C_Stop                  text39       00125A
__end_of_I2C_Write                 text38       001072
__end_of_I2C_Write_Cmd_Only        text34       0011F8
__end_of_I2C_Write_Cmd_Write_Data  text33       0011A4
__end_of_Initialize_Screen         text10       000A66
__end_of_LCD_Reset                 text28       001248
__end_of_OpenUSART                 text9        000BD8
__end_of_Rcmd1                     text24       0005DC
__end_of_Rcmd2red                  text23       001034
__end_of_Rcmd3                     text22       0007D8
__end_of_TFT_GreenTab_Initialize   text21       00113A
__end_of___awdiv                   text6        00094A
__end_of___lwdiv                   text5        000D66
__end_of___lwmod                   text4        000EA6
__end_of___wmul                    text30       001162
__end_of__initialization           cinit        000B5E
__end_of_chkisr                    intcode_body 000C40
__end_of_delay_ms                  text29       000E0C
__end_of_dpowers                   mediumconst  00FF80
__end_of_drawChar                  text16       0004CC
__end_of_drawFastVLine             text18       000AEE
__end_of_drawPixel                 text19       001110
__end_of_drawtext                  text14       0006E6
__end_of_fillRect                  text17       000EF0
__end_of_fillRectangle             text13       0008B4
__end_of_fillScreen                text12       0011DE
__end_of_font                      mediumconst  00FE9A
__end_of_font2                     mediumconst  00FF76
__end_of_hexpowers                 mediumconst  00FF88
__end_of_i2cAck                    text43       00127E
__end_of_i2cHighScl                text48       0012B8
__end_of_i2cHighSda                text47       0012E6
__end_of_i2cLowScl                 text46       0012DE
__end_of_i2cLowSda                 text45       0012D6
__end_of_i2cNack                   text42       0012CC
__end_of_init_UART                 text8        001222
__end_of_isdigit                   text3        001184
__end_of_main                      text0        0009D8
__end_of_printf                    text1        000376
__end_of_putch                     text2        0012AC
__end_of_setAddrWindow             text20       000E5A
__end_of_spiwrite                  text27       001236
__end_of_strcpy                    text11       0010E0
__end_of_strlen                    text15       000FF6
__end_of_write_command             text26       00129E
__end_of_write_data                text25       00128E
__initialization                   cinit        000AEE
__mediumconst                      mediumconst  00FD9A
__pbssBANK0                        bssBANK0     0000BF
__pbssCOMRAM                       bssCOMRAM    000043
__pcinit                           cinit        000AEE
__pcstackBANK0                     cstackBANK0  0000DE
__pcstackCOMRAM                    cstackCOMRAM 000001
__pdataBANK0                       dataBANK0    000080
__pdataBANK1                       dataBANK1    000100
__pdataCOMRAM                      dataCOMRAM   00006C
__pidataBANK0                      idataBANK0   000F78
__pidataBANK1                      idataBANK1   000D66
__pidataCOMRAM                     idataCOMRAM  0012E6
__pintcode                         intcode      000008
__pintcode_body                    intcode_body 000BD8
__pmediumconst                     mediumconst  00FD9A
__ptext0                           text0        00094A
__ptext1                           text1        00001C
__ptext10                          text10       0009D8
__ptext11                          text11       0010AE
__ptext12                          text12       0011C2
__ptext13                          text13       0007D8
__ptext14                          text14       0005DC
__ptext15                          text15       000FB8
__ptext16                          text16       000376
__ptext17                          text17       000EA6
__ptext18                          text18       000A66
__ptext19                          text19       0010E0
__ptext2                           text2        00129E
__ptext20                          text20       000E0C
__ptext21                          text21       001110
__ptext22                          text22       0006E6
__ptext23                          text23       000FF6
__ptext24                          text24       0004CC
__ptext25                          text25       00127E
__ptext26                          text26       00128E
__ptext27                          text27       001222
__ptext28                          text28       001236
__ptext29                          text29       000DBA
__ptext3                           text3        001162
__ptext30                          text30       00113A
__ptext31                          text31       0012B8
__ptext32                          text32       0011A4
__ptext33                          text33       001184
__ptext34                          text34       0011DE
__ptext35                          text35       000C40
__ptext36                          text36       000CA6
__ptext37                          text37       001072
__ptext38                          text38       001034
__ptext39                          text39       001248
__ptext4                           text4        000E5A
__ptext40                          text40       00125A
__ptext41                          text41       000EF0
__ptext42                          text42       0012C2
__ptext43                          text43       00126C
__ptext44                          text44       0011F8
__ptext45                          text45       0012CC
__ptext46                          text46       0012D6
__ptext47                          text47       0012DE
__ptext48                          text48       0012AC
__ptext5                           text5        000D0A
__ptext6                           text6        0008B4
__ptext7                           text7        000F38
__ptext8                           text8        00120E
__ptext9                           text9        000B68
__ramtop                           ramtop       001000
__size_of_DS1621_Init              (abs)        000000
__size_of_DS1621_Read_Temp         (abs)        000000
__size_of_DS3231_Read_Time         (abs)        000000
__size_of_DS3231_Setup_Time        (abs)        000000
__size_of_Do_Init                  (abs)        000000
__size_of_I2C_Init                 (abs)        000000
__size_of_I2C_ReStart              (abs)        000000
__size_of_I2C_Read                 (abs)        000000
__size_of_I2C_Start                (abs)        000000
__size_of_I2C_Stop                 (abs)        000000
__size_of_I2C_Write                (abs)        000000
__size_of_I2C_Write_Cmd_Only       (abs)        000000
__size_of_I2C_Write_Cmd_Write_Data (abs)        000000
__size_of_Initialize_Screen        (abs)        000000
__size_of_LCD_Reset                (abs)        000000
__size_of_OpenUSART                (abs)        000000
__size_of_Rcmd1                    (abs)        000000
__size_of_Rcmd2red                 (abs)        000000
__size_of_Rcmd3                    (abs)        000000
__size_of_TFT_GreenTab_Initialize  (abs)        000000
__size_of___awdiv                  (abs)        000000
__size_of___lwdiv                  (abs)        000000
__size_of___lwmod                  (abs)        000000
__size_of___wmul                   (abs)        000000
__size_of_chkisr                   (abs)        000000
__size_of_delay_ms                 (abs)        000000
__size_of_drawChar                 (abs)        000000
__size_of_drawFastVLine            (abs)        000000
__size_of_drawPixel                (abs)        000000
__size_of_drawtext                 (abs)        000000
__size_of_fillRect                 (abs)        000000
__size_of_fillRectangle            (abs)        000000
__size_of_fillScreen               (abs)        000000
__size_of_i2cAck                   (abs)        000000
__size_of_i2cHighScl               (abs)        000000
__size_of_i2cHighSda               (abs)        000000
__size_of_i2cLowScl                (abs)        000000
__size_of_i2cLowSda                (abs)        000000
__size_of_i2cNack                  (abs)        000000
__size_of_init_UART                (abs)        000000
__size_of_isdigit                  (abs)        000000
__size_of_main                     (abs)        000000
__size_of_printf                   (abs)        000000
__size_of_putch                    (abs)        000000
__size_of_setAddrWindow            (abs)        000000
__size_of_spiwrite                 (abs)        000000
__size_of_strcpy                   (abs)        000000
__size_of_strlen                   (abs)        000000
__size_of_write_command            (abs)        000000
__size_of_write_data               (abs)        000000
__smallconst                       smallconst   000000
__tft_type                         bssCOMRAM    000052
_alarm_date                        bssCOMRAM    000053
_alarm_hour                        bssCOMRAM    000054
_alarm_minute                      bssCOMRAM    000055
_alarm_second                      bssCOMRAM    000056
_array1                            dataBANK0    0000AA
_bit_count                         bssCOMRAM    000057
_buffer                            bssBANK0     0000BF
_chkisr                            intcode      000008
_color                             dataBANK0    000080
_colstart                          bssCOMRAM    000058
_day                               bssCOMRAM    000059
_delay_ms                          text29       000DBA
_dow                               bssCOMRAM    00005A
_dpowers                           mediumconst  00FF76
_drawChar                          text16       000376
_drawFastVLine                     text18       000A66
_drawPixel                         text19       0010E0
_drawtext                          text14       0005DC
_fillRect                          text17       000EA6
_fillRectangle                     text13       0007D8
_fillScreen                        text12       0011C2
_font                              mediumconst  00FD9B
_font2                             mediumconst  00FE9A
_found                             bssCOMRAM    00005B
_hexpowers                         mediumconst  00FF80
_hour                              bssCOMRAM    00005C
_i                                 bssCOMRAM    00005D
_i2cAck                            text43       00126C
_i2cHighScl                        text48       0012AC
_i2cHighSda                        text47       0012DE
_i2cLowScl                         text46       0012D6
_i2cLowSda                         text45       0012CC
_i2cNack                           text42       0012C2
_init_UART                         text8        00120E
_isdigit                           text3        001162
_isdigit$1510                      cstackCOMRAM 000010
_main                              text0        00094A
_minute                            bssCOMRAM    00005E
_month                             bssCOMRAM    00005F
_nbr                               bssCOMRAM    000049
_nec_ok                            bssCOMRAM    00004B
_printf                            text1        00001C
_putch                             text2        00129E
_rowstart                          bssCOMRAM    000060
_second                            bssCOMRAM    000061
_setAddrWindow                     text20       000E0C
_setup_alarm_hour                  bssCOMRAM    000062
_setup_alarm_minute                bssCOMRAM    000063
_setup_alarm_second                bssCOMRAM    000064
_setup_day                         bssCOMRAM    000065
_setup_hour                        bssCOMRAM    000066
_setup_minute                      bssCOMRAM    000067
_setup_month                       bssCOMRAM    000068
_setup_second                      bssCOMRAM    000069
_setup_year                        bssCOMRAM    00006A
_spiwrite                          text27       001222
_strcpy                            text11       0010AE
_strlen                            text15       000FB8
_tempSecond                        dataCOMRAM   00006C
_txt                               bssCOMRAM    00004D
_txt1                              dataBANK1    000100
_wrap                              dataCOMRAM   00006D
_write_command                     text26       00128E
_write_data                        text25       00127E
_year                              bssCOMRAM    00006B
delay_ms@count                     cstackCOMRAM 000019
delay_ms@ms                        cstackCOMRAM 000015
drawChar@bg                        cstackCOMRAM 000030
drawChar@c                         cstackCOMRAM 00002D
drawChar@color                     cstackCOMRAM 00002E
drawChar@i                         cstackCOMRAM 000036
drawChar@j                         cstackCOMRAM 000035
drawChar@line                      cstackCOMRAM 000033
drawChar@size                      cstackCOMRAM 000032
drawChar@x                         cstackCOMRAM 000034
drawChar@y                         cstackCOMRAM 00002C
drawFastVLine@color                cstackCOMRAM 000018
drawFastVLine@h                    cstackCOMRAM 000017
drawFastVLine@hi                   cstackCOMRAM 00001E
drawFastVLine@lo                   cstackCOMRAM 00001F
drawFastVLine@x                    cstackCOMRAM 000020
drawFastVLine@y                    cstackCOMRAM 000016
drawPixel@color                    cstackCOMRAM 000017
drawPixel@x                        cstackCOMRAM 000019
drawPixel@y                        cstackCOMRAM 000016
drawtext@_text                     cstackCOMRAM 000038
drawtext@bg                        cstackCOMRAM 00003C
drawtext@color                     cstackCOMRAM 00003A
drawtext@cursor_x                  cstackBANK0  0000E4
drawtext@cursor_y                  cstackBANK0  0000E3
drawtext@i                         cstackBANK0  0000E1
drawtext@size                      cstackCOMRAM 00003E
drawtext@textsize                  cstackBANK0  0000DF
drawtext@x                         cstackBANK0  0000DE
drawtext@y                         cstackCOMRAM 000037
end_of_initialization              cinit        000B5E
fillRect@color                     cstackCOMRAM 000024
fillRect@h                         cstackCOMRAM 000023
fillRect@i                         cstackCOMRAM 00002A
fillRect@w                         cstackCOMRAM 000022
fillRect@x                         cstackCOMRAM 000029
fillRect@y                         cstackCOMRAM 000021
fillRectangle@color                cstackCOMRAM 000019
fillRectangle@h                    cstackCOMRAM 000018
fillRectangle@hi                   cstackCOMRAM 00001F
fillRectangle@lo                   cstackCOMRAM 000020
fillRectangle@w                    cstackCOMRAM 000017
fillRectangle@x                    cstackCOMRAM 000021
fillRectangle@y                    cstackCOMRAM 000016
fillScreen@color                   cstackCOMRAM 000022
int_func                           intcode_body 000BD8
intlevel0                          text         000000
intlevel1                          text         000000
intlevel2                          text         000000
intlevel3                          text         000000
isdigit@c                          cstackCOMRAM 000011
main@tempC                         cstackCOMRAM 000042
main@tempF                         cstackCOMRAM 000041
printf@ap                          cstackCOMRAM 00002E
printf@c                           cstackCOMRAM 000036
printf@f                           cstackCOMRAM 00001B
printf@flag                        cstackCOMRAM 000033
printf@idx                         cstackCOMRAM 00002D
printf@prec                        cstackCOMRAM 000030
printf@val                         cstackCOMRAM 000031
printf@width                       cstackCOMRAM 000034
putch@c                            cstackCOMRAM 00000F
setAddrWindow@x0                   cstackCOMRAM 000015
setAddrWindow@x1                   cstackCOMRAM 000013
setAddrWindow@y0                   cstackCOMRAM 000012
setAddrWindow@y1                   cstackCOMRAM 000014
spiwrite@spidata                   cstackCOMRAM 000010
spiwrite@x                         cstackCOMRAM 00000F
stackhi                            (abs)        000F7F
stacklo                            (abs)        000154
start                              init         000018
start_initialization               cinit        000AEE
strcpy@cp                          cstackCOMRAM 000013
strcpy@from                        cstackCOMRAM 000011
strcpy@to                          cstackCOMRAM 00000F
strlen@cp                          cstackCOMRAM 000013
strlen@s                           cstackCOMRAM 00000F
write_command@cmd_                 cstackCOMRAM 000011
write_data@data_                   cstackCOMRAM 000011


FUNCTION INFORMATION:

 *************** function _main *****************
 Defined at:
		line 123 in file "Lab11p3.c"
 Parameters:    Size  Location     Type
		None
 Auto vars:     Size  Location     Type
  tempC           1   65[COMRAM] unsigned char 
  tempF           1   64[COMRAM] unsigned char 
 Return value:  Size  Location     Type
		None               void
 Registers used:
		wreg, fsr2l, fsr2h, status,2, status,0, tblptrl, tblptrh, tblptru, prodl, prodh, cstack
 Tracked objects:
		On entry : 
		On exit  : 
		Unchanged: 
 Data sizes:     COMRAM   BANK0   BANK1   BANK2   BANK3   BANK4   BANK5   BANK6   BANK7   BANK8   BANK9  BANK10  BANK11  BANK12  BANK13  BANK14  BANK15
      Params:         0       0       0       0       0       0       0       0       0       0       0       0       0       0       0       0       0
      Locals:         2       0       0       0       0       0       0       0       0       0       0       0       0       0       0       0       0
      Temps:          0       0       0       0       0       0       0       0       0       0       0       0       0       0       0       0       0
      Totals:         2       0       0       0       0       0       0       0       0       0       0       0       0       0       0       0       0
Total ram usage:        2 bytes
 Hardware stack levels required when called:   10
 This function calls:
		_DS1621_Read_Temp
		_DS3231_Read_Time
		_DS3231_Setup_Time
		_Do_Init
		___awdiv
		_printf
 This function is called by:
		Startup code after reset
 This function uses a non-reentrant model


 *************** function _printf *****************
 Defined at:
		line 464 in file "C:\Program Files (x86)\Microchip\xc8\v1.34\sources\common\doprnt.c"
 Parameters:    Size  Location     Type
  f               2   26[COMRAM] PTR const unsigned char 
		 -> STR_2(43), STR_1(30), 
 Auto vars:     Size  Location     Type
  idx             1   44[COMRAM] unsigned char 
  tmpval          4    0        struct .
  cp              3    0        PTR const unsigned char 
  width           2   51[COMRAM] int 
  val             2   48[COMRAM] unsigned int 
  ap              2   45[COMRAM] PTR void [1]
		 -> ?_printf(2), 
  len             2    0        unsigned int 
  c               1   53[COMRAM] char 
  flag            1   50[COMRAM] unsigned char 
  prec            1   47[COMRAM] char 
 Return value:  Size  Location     Type
                  2   26[COMRAM] int 
 Registers used:
		wreg, fsr2l, fsr2h, status,2, status,0, tblptrl, tblptrh, tblptru, prodl, prodh, cstack
 Tracked objects:
		On entry : 
		On exit  : 
		Unchanged: 
 Data sizes:     COMRAM   BANK0   BANK1   BANK2   BANK3   BANK4   BANK5   BANK6   BANK7   BANK8   BANK9  BANK10  BANK11  BANK12  BANK13  BANK14  BANK15
      Params:        14       0       0       0       0       0       0       0       0       0       0       0       0       0       0       0       0
      Locals:        10       0       0       0       0       0       0       0       0       0       0       0       0       0       0       0       0
      Temps:          4       0       0       0       0       0       0       0       0       0       0       0       0       0       0       0       0
      Totals:        28       0       0       0       0       0       0       0       0       0       0       0       0       0       0       0       0
Total ram usage:       28 bytes
 Hardware stack levels used:    1
 Hardware stack levels required when called:    2
 This function calls:
		___lwdiv
		___lwmod
		___wmul
		_isdigit
		_putch
 This function is called by:
		_main
 This function uses a non-reentrant model


 *************** function _putch *****************
 Defined at:
		line 82 in file "Lab11p3.c"
 Parameters:    Size  Location     Type
  c               1    wreg     unsigned char 
 Auto vars:     Size  Location     Type
  c               1   14[COMRAM] unsigned char 
 Return value:  Size  Location     Type
		None               void
 Registers used:
		wreg
 Tracked objects:
		On entry : 
		On exit  : 
		Unchanged: 
 Data sizes:     COMRAM   BANK0   BANK1   BANK2   BANK3   BANK4   BANK5   BANK6   BANK7   BANK8   BANK9  BANK10  BANK11  BANK12  BANK13  BANK14  BANK15
      Params:         0       0       0       0       0       0       0       0       0       0       0       0       0       0       0       0       0
      Locals:         1       0       0       0       0       0       0       0       0       0       0       0       0       0       0       0       0
      Temps:          0       0       0       0       0       0       0       0       0       0       0       0       0       0       0       0       0
      Totals:         1       0       0       0       0       0       0       0       0       0       0       0       0       0       0       0       0
Total ram usage:        1 bytes
 Hardware stack levels used:    1
 Hardware stack levels required when called:    1
 This function calls:
		Nothing
 This function is called by:
		_printf
 This function uses a non-reentrant model


 *************** function _isdigit *****************
 Defined at:
		line 8 in file "C:\Program Files (x86)\Microchip\xc8\v1.34\sources\common\isdigit.c"
 Parameters:    Size  Location     Type
  c               1    wreg     unsigned char 
 Auto vars:     Size  Location     Type
  c               1   16[COMRAM] unsigned char 
 Return value:  Size  Location     Type
		None               void
 Registers used:
		wreg, status,2, status,0
 Tracked objects:
		On entry : 
		On exit  : 
		Unchanged: 
 Data sizes:     COMRAM   BANK0   BANK1   BANK2   BANK3   BANK4   BANK5   BANK6   BANK7   BANK8   BANK9  BANK10  BANK11  BANK12  BANK13  BANK14  BANK15
      Params:         0       0       0       0       0       0       0       0       0       0       0       0       0       0       0       0       0
      Locals:         2       0       0       0       0       0       0       0       0       0       0       0       0       0       0       0       0
      Temps:          1       0       0       0       0       0       0       0       0       0       0       0       0       0       0       0       0
      Totals:         3       0       0       0       0       0       0       0       0       0       0       0       0       0       0       0       0
Total ram usage:        3 bytes
 Hardware stack levels used:    1
 Hardware stack levels required when called:    1
 This function calls:
		Nothing
 This function is called by:
		_printf
 This function uses a non-reentrant model


 *************** function ___lwmod *****************
 Defined at:
		line 8 in file "C:\Program Files (x86)\Microchip\xc8\v1.34\sources\common\lwmod.c"
 Parameters:    Size  Location     Type
  dividend        2   21[COMRAM] unsigned int 
  divisor         2   23[COMRAM] unsigned int 
 Auto vars:     Size  Location     Type
  counter         1   25[COMRAM] unsigned char 
 Return value:  Size  Location     Type
                  2   21[COMRAM] unsigned int 
 Registers used:
		wreg, status,2, status,0
 Tracked objects:
		On entry : 
		On exit  : 
		Unchanged: 
 Data sizes:     COMRAM   BANK0   BANK1   BANK2   BANK3   BANK4   BANK5   BANK6   BANK7   BANK8   BANK9  BANK10  BANK11  BANK12  BANK13  BANK14  BANK15
      Params:         4       0       0       0       0       0       0       0       0       0       0       0       0       0       0       0       0
      Locals:         1       0       0       0       0       0       0       0       0       0       0       0       0       0       0       0       0
      Temps:          0       0       0       0       0       0       0       0       0       0       0       0       0       0       0       0       0
      Totals:         5       0       0       0       0       0       0       0       0       0       0       0       0       0       0       0       0
Total ram usage:        5 bytes
 Hardware stack levels used:    1
 Hardware stack levels required when called:    1
 This function calls:
		Nothing
 This function is called by:
		_printf
 This function uses a non-reentrant model


 *************** function ___lwdiv *****************
 Defined at:
		line 8 in file "C:\Program Files (x86)\Microchip\xc8\v1.34\sources\common\lwdiv.c"
 Parameters:    Size  Location     Type
  dividend        2   14[COMRAM] unsigned int 
  divisor         2   16[COMRAM] unsigned int 
 Auto vars:     Size  Location     Type
  quotient        2   18[COMRAM] unsigned int 
  counter         1   20[COMRAM] unsigned char 
 Return value:  Size  Location     Type
                  2   14[COMRAM] unsigned int 
 Registers used:
		wreg, status,2, status,0
 Tracked objects:
		On entry : 
		On exit  : 
		Unchanged: 
 Data sizes:     COMRAM   BANK0   BANK1   BANK2   BANK3   BANK4   BANK5   BANK6   BANK7   BANK8   BANK9  BANK10  BANK11  BANK12  BANK13  BANK14  BANK15
      Params:         4       0       0       0       0       0       0       0       0       0       0       0       0       0       0       0       0
      Locals:         3       0       0       0       0       0       0       0       0       0       0       0       0       0       0       0       0
      Temps:          0       0       0       0       0       0       0       0       0       0       0       0       0       0       0       0       0
      Totals:         7       0       0       0       0       0       0       0       0       0       0       0       0       0       0       0       0
Total ram usage:        7 bytes
 Hardware stack levels used:    1
 Hardware stack levels required when called:    1
 This function calls:
		Nothing
 This function is called by:
		_printf
 This function uses a non-reentrant model


 *************** function ___awdiv *****************
 Defined at:
		line 8 in file "C:\Program Files (x86)\Microchip\xc8\v1.34\sources\common\awdiv.c"
 Parameters:    Size  Location     Type
  dividend        2   14[COMRAM] int 
  divisor         2   16[COMRAM] int 
 Auto vars:     Size  Location     Type
  quotient        2   20[COMRAM] int 
  sign            1   19[COMRAM] unsigned char 
  counter         1   18[COMRAM] unsigned char 
 Return value:  Size  Location     Type
                  2   14[COMRAM] int 
 Registers used:
		wreg, status,2, status,0
 Tracked objects:
		On entry : 
		On exit  : 
		Unchanged: 
 Data sizes:     COMRAM   BANK0   BANK1   BANK2   BANK3   BANK4   BANK5   BANK6   BANK7   BANK8   BANK9  BANK10  BANK11  BANK12  BANK13  BANK14  BANK15
      Params:         4       0       0       0       0       0       0       0       0       0       0       0       0       0       0       0       0
      Locals:         4       0       0       0       0       0       0       0       0       0       0       0       0       0       0       0       0
      Temps:          0       0       0       0       0       0       0       0       0       0       0       0       0       0       0       0       0
      Totals:         8       0       0       0       0       0       0       0       0       0       0       0       0       0       0       0       0
Total ram usage:        8 bytes
 Hardware stack levels used:    1
 Hardware stack levels required when called:    1
 This function calls:
		Nothing
 This function is called by:
		_main
 This function uses a non-reentrant model


 *************** function _Do_Init *****************
 Defined at:
		line 101 in file "Lab11p3.c"
 Parameters:    Size  Location     Type
		None
 Auto vars:     Size  Location     Type
		None
 Return value:  Size  Location     Type
		None               void
 Registers used:
		wreg, fsr2l, fsr2h, status,2, status,0, tblptrl, tblptrh, tblptru, prodl, prodh, cstack
 Tracked objects:
		On entry : 
		On exit  : 
		Unchanged: 
 Data sizes:     COMRAM   BANK0   BANK1   BANK2   BANK3   BANK4   BANK5   BANK6   BANK7   BANK8   BANK9  BANK10  BANK11  BANK12  BANK13  BANK14  BANK15
      Params:         0       0       0       0       0       0       0       0       0       0       0       0       0       0       0       0       0
      Locals:         0       0       0       0       0       0       0       0       0       0       0       0       0       0       0       0       0
      Temps:          0       0       0       0       0       0       0       0       0       0       0       0       0       0       0       0       0
      Totals:         0       0       0       0       0       0       0       0       0       0       0       0       0       0       0       0       0
Total ram usage:        0 bytes
 Hardware stack levels used:    1
 Hardware stack levels required when called:    9
 This function calls:
		_DS1621_Init
		_I2C_Init
		_Initialize_Screen
		_init_UART
 This function is called by:
		_main
 This function uses a non-reentrant model


 *************** function _init_UART *****************
 Defined at:
		line 88 in file "Lab11p3.c"
 Parameters:    Size  Location     Type
		None
 Auto vars:     Size  Location     Type
		None
 Return value:  Size  Location     Type
		None               void
 Registers used:
		wreg, status,2, cstack
 Tracked objects:
		On entry : 
		On exit  : 
		Unchanged: 
 Data sizes:     COMRAM   BANK0   BANK1   BANK2   BANK3   BANK4   BANK5   BANK6   BANK7   BANK8   BANK9  BANK10  BANK11  BANK12  BANK13  BANK14  BANK15
      Params:         0       0       0       0       0       0       0       0       0       0       0       0       0       0       0       0       0
      Locals:         0       0       0       0       0       0       0       0       0       0       0       0       0       0       0       0       0
      Temps:          0       0       0       0       0       0       0       0       0       0       0       0       0       0       0       0       0
      Totals:         0       0       0       0       0       0       0       0       0       0       0       0       0       0       0       0       0
Total ram usage:        0 bytes
 Hardware stack levels used:    1
 Hardware stack levels required when called:    2
 This function calls:
		_OpenUSART
 This function is called by:
		_Do_Init
 This function uses a non-reentrant model


 *************** function _OpenUSART *****************
 Defined at:
		line 73 in file "C:\Program Files (x86)\Microchip\xc8\v1.34\sources\pic18\plib\USART\uopen.c"
 Parameters:    Size  Location     Type
  config          1    wreg     unsigned char 
  spbrg           2   14[COMRAM] unsigned int 
 Auto vars:     Size  Location     Type
  config          1   16[COMRAM] unsigned char 
 Return value:  Size  Location     Type
		None               void
 Registers used:
		wreg, status,2
 Tracked objects:
		On entry : 
		On exit  : 
		Unchanged: 
 Data sizes:     COMRAM   BANK0   BANK1   BANK2   BANK3   BANK4   BANK5   BANK6   BANK7   BANK8   BANK9  BANK10  BANK11  BANK12  BANK13  BANK14  BANK15
      Params:         2       0       0       0       0       0       0       0       0       0       0       0       0       0       0       0       0
      Locals:         1       0       0       0       0       0       0       0       0       0       0       0       0       0       0       0       0
      Temps:          0       0       0       0       0       0       0       0       0       0       0       0       0       0       0       0       0
      Totals:         3       0       0       0       0       0       0       0       0       0       0       0       0       0       0       0       0
Total ram usage:        3 bytes
 Hardware stack levels used:    1
 Hardware stack levels required when called:    1
 This function calls:
		Nothing
 This function is called by:
		_init_UART
 This function uses a non-reentrant model


 *************** function _Initialize_Screen *****************
 Defined at:
		line 174 in file "Lab11p3.c"
 Parameters:    Size  Location     Type
		None
 Auto vars:     Size  Location     Type
		None
 Return value:  Size  Location     Type
		None               void
 Registers used:
		wreg, fsr2l, fsr2h, status,2, status,0, tblptrl, tblptrh, tblptru, prodl, prodh, cstack
 Tracked objects:
		On entry : 
		On exit  : 
		Unchanged: 
 Data sizes:     COMRAM   BANK0   BANK1   BANK2   BANK3   BANK4   BANK5   BANK6   BANK7   BANK8   BANK9  BANK10  BANK11  BANK12  BANK13  BANK14  BANK15
      Params:         0       0       0       0       0       0       0       0       0       0       0       0       0       0       0       0       0
      Locals:         0       0       0       0       0       0       0       0       0       0       0       0       0       0       0       0       0
      Temps:          0       0       0       0       0       0       0       0       0       0       0       0       0       0       0       0       0
      Totals:         0       0       0       0       0       0       0       0       0       0       0       0       0       0       0       0       0
Total ram usage:        0 bytes
 Hardware stack levels used:    1
 Hardware stack levels required when called:    8
 This function calls:
		_LCD_Reset
		_TFT_GreenTab_Initialize
		_drawtext
		_fillScreen
		_strcpy
 This function is called by:
		_Do_Init
 This function uses a non-reentrant model


 *************** function _strcpy *****************
 Defined at:
		line 8 in file "C:\Program Files (x86)\Microchip\xc8\v1.34\sources\common\strcpy.c"
 Parameters:    Size  Location     Type
  to              2   14[COMRAM] PTR unsigned char 
		 -> NULL(0), buffer(31), 
  from            2   16[COMRAM] PTR const unsigned char 
		 -> STR_4(8), STR_3(20), 
 Auto vars:     Size  Location     Type
  cp              2   18[COMRAM] PTR unsigned char 
		 -> NULL(0), buffer(31), 
 Return value:  Size  Location     Type
                  2   14[COMRAM] PTR unsigned char 
 Registers used:
		wreg, fsr2l, fsr2h, status,2, status,0, tblptrl, tblptrh, tblptru
 Tracked objects:
		On entry : 
		On exit  : 
		Unchanged: 
 Data sizes:     COMRAM   BANK0   BANK1   BANK2   BANK3   BANK4   BANK5   BANK6   BANK7   BANK8   BANK9  BANK10  BANK11  BANK12  BANK13  BANK14  BANK15
      Params:         4       0       0       0       0       0       0       0       0       0       0       0       0       0       0       0       0
      Locals:         2       0       0       0       0       0       0       0       0       0       0       0       0       0       0       0       0
      Temps:          0       0       0       0       0       0       0       0       0       0       0       0       0       0       0       0       0
      Totals:         6       0       0       0       0       0       0       0       0       0       0       0       0       0       0       0       0
Total ram usage:        6 bytes
 Hardware stack levels used:    1
 Hardware stack levels required when called:    1
 This function calls:
		Nothing
 This function is called by:
		_Initialize_Screen
 This function uses a non-reentrant model


 *************** function _fillScreen *****************
 Defined at:
		line 619 in file "ST7735_TFT.c"
 Parameters:    Size  Location     Type
  color           2   33[COMRAM] unsigned int 
 Auto vars:     Size  Location     Type
		None
 Return value:  Size  Location     Type
		None               void
 Registers used:
		wreg, status,2, status,0, cstack
 Tracked objects:
		On entry : 
		On exit  : 
		Unchanged: 
 Data sizes:     COMRAM   BANK0   BANK1   BANK2   BANK3   BANK4   BANK5   BANK6   BANK7   BANK8   BANK9  BANK10  BANK11  BANK12  BANK13  BANK14  BANK15
      Params:         2       0       0       0       0       0       0       0       0       0       0       0       0       0       0       0       0
      Locals:         0       0       0       0       0       0       0       0       0       0       0       0       0       0       0       0       0
      Temps:          0       0       0       0       0       0       0       0       0       0       0       0       0       0       0       0       0
      Totals:         2       0       0       0       0       0       0       0       0       0       0       0       0       0       0       0       0
Total ram usage:        2 bytes
 Hardware stack levels used:    1
 Hardware stack levels required when called:    5
 This function calls:
		_fillRectangle
 This function is called by:
		_Initialize_Screen
 This function uses a non-reentrant model


 *************** function _fillRectangle *****************
 Defined at:
		line 503 in file "ST7735_TFT.c"
 Parameters:    Size  Location     Type
  x               1    wreg     unsigned char 
  y               1   21[COMRAM] unsigned char 
  w               1   22[COMRAM] unsigned char 
  h               1   23[COMRAM] unsigned char 
  color           2   24[COMRAM] unsigned int 
 Auto vars:     Size  Location     Type
  x               1   32[COMRAM] unsigned char 
  lo              1   31[COMRAM] unsigned char 
  hi              1   30[COMRAM] unsigned char 
 Return value:  Size  Location     Type
		None               void
 Registers used:
		wreg, status,2, status,0, cstack
 Tracked objects:
		On entry : 
		On exit  : 
		Unchanged: 
 Data sizes:     COMRAM   BANK0   BANK1   BANK2   BANK3   BANK4   BANK5   BANK6   BANK7   BANK8   BANK9  BANK10  BANK11  BANK12  BANK13  BANK14  BANK15
      Params:         5       0       0       0       0       0       0       0       0       0       0       0       0       0       0       0       0
      Locals:         3       0       0       0       0       0       0       0       0       0       0       0       0       0       0       0       0
      Temps:          4       0       0       0       0       0       0       0       0       0       0       0       0       0       0       0       0
      Totals:        12       0       0       0       0       0       0       0       0       0       0       0       0       0       0       0       0
Total ram usage:       12 bytes
 Hardware stack levels used:    1
 Hardware stack levels required when called:    4
 This function calls:
		_setAddrWindow
		_spiwrite
 This function is called by:
		_fillScreen
 This function uses a non-reentrant model


 *************** function _drawtext *****************
 Defined at:
		line 474 in file "ST7735_TFT.c"
 Parameters:    Size  Location     Type
  x               1    wreg     unsigned char 
  y               1   54[COMRAM] unsigned char 
  _text           2   55[COMRAM] PTR unsigned char 
		 -> NULL(0), buffer(31), 
  color           2   57[COMRAM] unsigned int 
  bg              2   59[COMRAM] unsigned int 
  size            1   61[COMRAM] unsigned char 
 Auto vars:     Size  Location     Type
  x               1    0[BANK0 ] unsigned char 
  i               2    3[BANK0 ] unsigned int 
  textsize        2    1[BANK0 ] unsigned int 
  cursor_x        1    6[BANK0 ] unsigned char 
  cursor_y        1    5[BANK0 ] unsigned char 
 Return value:  Size  Location     Type
		None               void
 Registers used:
		wreg, fsr2l, fsr2h, status,2, status,0, tblptrl, tblptrh, tblptru, prodl, prodh, cstack
 Tracked objects:
		On entry : 
		On exit  : 
		Unchanged: 
 Data sizes:     COMRAM   BANK0   BANK1   BANK2   BANK3   BANK4   BANK5   BANK6   BANK7   BANK8   BANK9  BANK10  BANK11  BANK12  BANK13  BANK14  BANK15
      Params:         8       0       0       0       0       0       0       0       0       0       0       0       0       0       0       0       0
      Locals:         0       7       0       0       0       0       0       0       0       0       0       0       0       0       0       0       0
      Temps:          2       0       0       0       0       0       0       0       0       0       0       0       0       0       0       0       0
      Totals:        10       7       0       0       0       0       0       0       0       0       0       0       0       0       0       0       0
Total ram usage:       17 bytes
 Hardware stack levels used:    1
 Hardware stack levels required when called:    7
 This function calls:
		_drawChar
		_strlen
 This function is called by:
		_Initialize_Screen
 This function uses a non-reentrant model


 *************** function _strlen *****************
 Defined at:
		line 4 in file "C:\Program Files (x86)\Microchip\xc8\v1.34\sources\common\strlen.c"
 Parameters:    Size  Location     Type
  s               2   14[COMRAM] PTR const unsigned char 
		 -> NULL(0), buffer(31), 
 Auto vars:     Size  Location     Type
  cp              2   18[COMRAM] PTR const unsigned char 
		 -> NULL(0), buffer(31), 
 Return value:  Size  Location     Type
                  2   14[COMRAM] unsigned int 
 Registers used:
		wreg, fsr2l, fsr2h, status,2, status,0
 Tracked objects:
[...]
      Params:         0       0       0       0       0       0       0       0       0       0       0       0       0       0       0       0       0
      Locals:         0       0       0       0       0       0       0       0       0       0       0       0       0       0       0       0       0
      Temps:          0       0       0       0       0       0       0       0       0       0       0       0       0       0       0       0       0
      Totals:         0       0       0       0       0       0       0       0       0       0       0       0       0       0       0       0       0
Total ram usage:        0 bytes
 Hardware stack levels used:    1
 Hardware stack levels required when called:    2
 This function calls:
		_i2cHighScl
		_i2cHighSda
		_i2cLowScl
		_i2cLowSda
 This function is called by:
		_I2C_Write_Cmd_Only
		_I2C_Write_Cmd_Write_Data
		_DS1621_Read_Temp
		_DS3231_Read_Time
		_DS3231_Setup_Time
		_I2C_Write_Address_Read_One_Byte
		_I2C_Write_Address_Write_One_Byte
		_I2C_Write_Cmd_Read_One_Byte
 This function uses a non-reentrant model


 *************** function _I2C_Start *****************
 Defined at:
		line 67 in file "I2C_Soft.c"
 Parameters:    Size  Location     Type
		None
 Auto vars:     Size  Location     Type
		None
 Return value:  Size  Location     Type
		None               void
 Registers used:
		wreg, cstack
 Tracked objects:
		On entry : 
		On exit  : 
		Unchanged: 
 Data sizes:     COMRAM   BANK0   BANK1   BANK2   BANK3   BANK4   BANK5   BANK6   BANK7   BANK8   BANK9  BANK10  BANK11  BANK12  BANK13  BANK14  BANK15
      Params:         0       0       0       0       0       0       0       0       0       0       0       0       0       0       0       0       0
      Locals:         0       0       0       0       0       0       0       0       0       0       0       0       0       0       0       0       0
      Temps:          0       0       0       0       0       0       0       0       0       0       0       0       0       0       0       0       0
      Totals:         0       0       0       0       0       0       0       0       0       0       0       0       0       0       0       0       0
Total ram usage:        0 bytes
 Hardware stack levels used:    1
 Hardware stack levels required when called:    2
 This function calls:
		_i2cHighScl
		_i2cHighSda
		_i2cLowScl
		_i2cLowSda
 This function is called by:
		_I2C_Write_Cmd_Only
		_I2C_Write_Cmd_Write_Data
		_DS1621_Read_Temp
		_DS3231_Read_Time
		_DS3231_Setup_Time
		_I2C_Write_Address_Read_One_Byte
		_I2C_Write_Address_Write_One_Byte
		_I2C_Write_Cmd_Read_One_Byte
 This function uses a non-reentrant model


 *************** function _I2C_Read *****************
 Defined at:
		line 16 in file "I2C_Soft.c"
 Parameters:    Size  Location     Type
  ack             1    wreg     unsigned char 
 Auto vars:     Size  Location     Type
  ack             1   14[COMRAM] unsigned char 
  inByte          1   16[COMRAM] unsigned char 
  n               1   15[COMRAM] unsigned char 
 Return value:  Size  Location     Type
                  1    wreg      unsigned char 
 Registers used:
		wreg, status,2, status,0, cstack
 Tracked objects:
		On entry : 
		On exit  : 
		Unchanged: 
 Data sizes:     COMRAM   BANK0   BANK1   BANK2   BANK3   BANK4   BANK5   BANK6   BANK7   BANK8   BANK9  BANK10  BANK11  BANK12  BANK13  BANK14  BANK15
      Params:         0       0       0       0       0       0       0       0       0       0       0       0       0       0       0       0       0
      Locals:         3       0       0       0       0       0       0       0       0       0       0       0       0       0       0       0       0
      Temps:          0       0       0       0       0       0       0       0       0       0       0       0       0       0       0       0       0
      Totals:         3       0       0       0       0       0       0       0       0       0       0       0       0       0       0       0       0
Total ram usage:        3 bytes
 Hardware stack levels used:    1
 Hardware stack levels required when called:    3
 This function calls:
		_i2cAck
		_i2cHighScl
		_i2cHighSda
		_i2cLowScl
		_i2cNack
 This function is called by:
		_DS1621_Read_Temp
		_DS3231_Read_Time
		_I2C_Write_Address_Read_One_Byte
		_I2C_Write_Cmd_Read_One_Byte
 This function uses a non-reentrant model


 *************** function _i2cNack *****************
 Defined at:
		line 53 in file "I2C_Soft.c"
 Parameters:    Size  Location     Type
		None
 Auto vars:     Size  Location     Type
		None
 Return value:  Size  Location     Type
		None               void
 Registers used:
		wreg, cstack
 Tracked objects:
		On entry : 
		On exit  : 
		Unchanged: 
 Data sizes:     COMRAM   BANK0   BANK1   BANK2   BANK3   BANK4   BANK5   BANK6   BANK7   BANK8   BANK9  BANK10  BANK11  BANK12  BANK13  BANK14  BANK15
      Params:         0       0       0       0       0       0       0       0       0       0       0       0       0       0       0       0       0
      Locals:         0       0       0       0       0       0       0       0       0       0       0       0       0       0       0       0       0
      Temps:          0       0       0       0       0       0       0       0       0       0       0       0       0       0       0       0       0
      Totals:         0       0       0       0       0       0       0       0       0       0       0       0       0       0       0       0       0
Total ram usage:        0 bytes
 Hardware stack levels used:    1
 Hardware stack levels required when called:    2
 This function calls:
		_i2cHighScl
		_i2cLowScl
 This function is called by:
		_I2C_Read
 This function uses a non-reentrant model


 *************** function _i2cAck *****************
 Defined at:
		line 59 in file "I2C_Soft.c"
 Parameters:    Size  Location     Type
		None
 Auto vars:     Size  Location     Type
		None
 Return value:  Size  Location     Type
		None               void
 Registers used:
		wreg, cstack
 Tracked objects:
		On entry : 
		On exit  : 
		Unchanged: 
 Data sizes:     COMRAM   BANK0   BANK1   BANK2   BANK3   BANK4   BANK5   BANK6   BANK7   BANK8   BANK9  BANK10  BANK11  BANK12  BANK13  BANK14  BANK15
      Params:         0       0       0       0       0       0       0       0       0       0       0       0       0       0       0       0       0
      Locals:         0       0       0       0       0       0       0       0       0       0       0       0       0       0       0       0       0
      Temps:          0       0       0       0       0       0       0       0       0       0       0       0       0       0       0       0       0
      Totals:         0       0       0       0       0       0       0       0       0       0       0       0       0       0       0       0       0
Total ram usage:        0 bytes
 Hardware stack levels used:    1
 Hardware stack levels required when called:    2
 This function calls:
		_i2cHighScl
		_i2cHighSda
		_i2cLowScl
		_i2cLowSda
 This function is called by:
		_I2C_Read
 This function uses a non-reentrant model


 *************** function _I2C_ReStart *****************
 Defined at:
		line 75 in file "I2C_Soft.c"
 Parameters:    Size  Location     Type
		None
 Auto vars:     Size  Location     Type
		None
 Return value:  Size  Location     Type
		None               void
 Registers used:
		wreg, cstack
 Tracked objects:
		On entry : 
		On exit  : 
		Unchanged: 
 Data sizes:     COMRAM   BANK0   BANK1   BANK2   BANK3   BANK4   BANK5   BANK6   BANK7   BANK8   BANK9  BANK10  BANK11  BANK12  BANK13  BANK14  BANK15
      Params:         0       0       0       0       0       0       0       0       0       0       0       0       0       0       0       0       0
      Locals:         0       0       0       0       0       0       0       0       0       0       0       0       0       0       0       0       0
      Temps:          0       0       0       0       0       0       0       0       0       0       0       0       0       0       0       0       0
      Totals:         0       0       0       0       0       0       0       0       0       0       0       0       0       0       0       0       0
Total ram usage:        0 bytes
 Hardware stack levels used:    1
 Hardware stack levels required when called:    2
 This function calls:
		_i2cHighScl
		_i2cHighSda
		_i2cLowScl
		_i2cLowSda
 This function is called by:
		_DS1621_Read_Temp
		_DS3231_Read_Time
		_I2C_Write_Address_Read_One_Byte
		_I2C_Write_Cmd_Read_One_Byte
 This function uses a non-reentrant model


 *************** function _i2cLowSda *****************
 Defined at:
		line 98 in file "I2C_Soft.c"
 Parameters:    Size  Location     Type
		None
 Auto vars:     Size  Location     Type
		None
 Return value:  Size  Location     Type
		None               void
 Registers used:
		None
 Tracked objects:
		On entry : 
		On exit  : 
		Unchanged: 
 Data sizes:     COMRAM   BANK0   BANK1   BANK2   BANK3   BANK4   BANK5   BANK6   BANK7   BANK8   BANK9  BANK10  BANK11  BANK12  BANK13  BANK14  BANK15
      Params:         0       0       0       0       0       0       0       0       0       0       0       0       0       0       0       0       0
      Locals:         0       0       0       0       0       0       0       0       0       0       0       0       0       0       0       0       0
      Temps:          0       0       0       0       0       0       0       0       0       0       0       0       0       0       0       0       0
      Totals:         0       0       0       0       0       0       0       0       0       0       0       0       0       0       0       0       0
Total ram usage:        0 bytes
 Hardware stack levels used:    1
 Hardware stack levels required when called:    1
 This function calls:
		Nothing
 This function is called by:
		_I2C_Write
		_i2cAck
		_I2C_Start
		_I2C_ReStart
		_I2C_Stop
 This function uses a non-reentrant model


 *************** function _i2cLowScl *****************
 Defined at:
		line 111 in file "I2C_Soft.c"
 Parameters:    Size  Location     Type
		None
 Auto vars:     Size  Location     Type
		None
 Return value:  Size  Location     Type
		None               void
 Registers used:
		None
 Tracked objects:
		On entry : 
		On exit  : 
		Unchanged: 
 Data sizes:     COMRAM   BANK0   BANK1   BANK2   BANK3   BANK4   BANK5   BANK6   BANK7   BANK8   BANK9  BANK10  BANK11  BANK12  BANK13  BANK14  BANK15
      Params:         0       0       0       0       0       0       0       0       0       0       0       0       0       0       0       0       0
      Locals:         0       0       0       0       0       0       0       0       0       0       0       0       0       0       0       0       0
      Temps:          0       0       0       0       0       0       0       0       0       0       0       0       0       0       0       0       0
      Totals:         0       0       0       0       0       0       0       0       0       0       0       0       0       0       0       0       0
Total ram usage:        0 bytes
 Hardware stack levels used:    1
 Hardware stack levels required when called:    1
 This function calls:
		Nothing
 This function is called by:
		_I2C_Read
		_I2C_Write
		_i2cNack
		_i2cAck
		_I2C_Start
		_I2C_ReStart
		_I2C_Stop
 This function uses a non-reentrant model


 *************** function _i2cHighSda *****************
 Defined at:
		line 92 in file "I2C_Soft.c"
 Parameters:    Size  Location     Type
		None
 Auto vars:     Size  Location     Type
		None
 Return value:  Size  Location     Type
		None               void
 Registers used:
		None
 Tracked objects:
		On entry : 
		On exit  : 
		Unchanged: 
 Data sizes:     COMRAM   BANK0   BANK1   BANK2   BANK3   BANK4   BANK5   BANK6   BANK7   BANK8   BANK9  BANK10  BANK11  BANK12  BANK13  BANK14  BANK15
      Params:         0       0       0       0       0       0       0       0       0       0       0       0       0       0       0       0       0
      Locals:         0       0       0       0       0       0       0       0       0       0       0       0       0       0       0       0       0
      Temps:          0       0       0       0       0       0       0       0       0       0       0       0       0       0       0       0       0
      Totals:         0       0       0       0       0       0       0       0       0       0       0       0       0       0       0       0       0
Total ram usage:        0 bytes
 Hardware stack levels used:    1
 Hardware stack levels required when called:    1
 This function calls:
		Nothing
 This function is called by:
		_I2C_Init
		_I2C_Read
		_I2C_Write
		_i2cAck
		_I2C_Start
		_I2C_ReStart
		_I2C_Stop
 This function uses a non-reentrant model


 *************** function _i2cHighScl *****************
 Defined at:
		line 105 in file "I2C_Soft.c"
 Parameters:    Size  Location     Type
		None
 Auto vars:     Size  Location     Type
		None
 Return value:  Size  Location     Type
		None               void
 Registers used:
		wreg
 Tracked objects:
		On entry : 
		On exit  : 
		Unchanged: 
 Data sizes:     COMRAM   BANK0   BANK1   BANK2   BANK3   BANK4   BANK5   BANK6   BANK7   BANK8   BANK9  BANK10  BANK11  BANK12  BANK13  BANK14  BANK15
      Params:         0       0       0       0       0       0       0       0       0       0       0       0       0       0       0       0       0
      Locals:         0       0       0       0       0       0       0       0       0       0       0       0       0       0       0       0       0
      Temps:          0       0       0       0       0       0       0       0       0       0       0       0       0       0       0       0       0
      Totals:         0       0       0       0       0       0       0       0       0       0       0       0       0       0       0       0       0
Total ram usage:        0 bytes
 Hardware stack levels used:    1
 Hardware stack levels required when called:    1
 This function calls:
		Nothing
 This function is called by:
		_I2C_Init
		_I2C_Read
		_I2C_Write
		_i2cNack
		_i2cAck
		_I2C_Start
		_I2C_ReStart
		_I2C_Stop
 This function uses a non-reentrant model


 *************** function _chkisr *****************
 Defined at:
		line 14 in file "Interrupt.c"
 Parameters:    Size  Location     Type
		None
 Auto vars:     Size  Location     Type
		None
 Return value:  Size  Location     Type
		None               void
 Registers used:
		None
 Tracked objects:
		On entry : 
		On exit  : 
		Unchanged: 
 Data sizes:     COMRAM   BANK0   BANK1   BANK2   BANK3   BANK4   BANK5   BANK6   BANK7   BANK8   BANK9  BANK10  BANK11  BANK12  BANK13  BANK14  BANK15
      Params:         0       0       0       0       0       0       0       0       0       0       0       0       0       0       0       0       0
      Locals:         0       0       0       0       0       0       0       0       0       0       0       0       0       0       0       0       0
      Temps:         14       0       0       0       0       0       0       0       0       0       0       0       0       0       0       0       0
      Totals:        14       0       0       0       0       0       0       0       0       0       0       0       0       0       0       0       0
Total ram usage:       14 bytes
 Hardware stack levels used:    1
 This function calls:
		Nothing
 This function is called by:
		Interrupt level 2
 This function uses a non-reentrant model



MODULE INFORMATION

Module		Function		Class		Link	Load	Size
I2C_Soft.c
		_i2cLowSda     		CODE           	12CC	0000	11
		_i2cLowScl     		CODE           	12D6	0000	9
		_I2C_Write_Cmd_		CODE           	11DE	0000	27
		_I2C_Write     		CODE           	1034	0000	63
		_I2C_Write_Cmd_		CODE           	1184	0000	33
		_I2C_Stop      		CODE           	1248	0000	19
		_I2C_Read      		CODE           	0EF0	0000	73
		_i2cNack       		CODE           	12C2	0000	11
		_I2C_Init      		CODE           	12B8	0000	11
		_i2cHighSda    		CODE           	12DE	0000	9
		_i2cHighScl    		CODE           	12AC	0000	13
		_I2C_Start     		CODE           	125A	0000	19
		_i2cAck        		CODE           	126C	0000	19
		_I2C_ReStart   		CODE           	11F8	0000	23

I2C_Soft.c estimated size: 340

C:\Program Files (x86)\Microchip\xc8\v1.34\sources\pic18\plib\USART\uopen.c
		_OpenUSART     		CODE           	0B68	0000	113

C:\Program Files (x86)\Microchip\xc8\v1.34\sources\pic18\plib\USART\uopen.c estimated size: 113

C:\Program Files (x86)\Microchip\xc8\v1.34\sources\common\lwmod.c
		___lwmod       		CODE           	0E5A	0000	77

C:\Program Files (x86)\Microchip\xc8\v1.34\sources\common\lwmod.c estimated size: 77

ST7735_TFT.c
		_drawChar      		CODE           	0376	0000	343
		_fillScreen    		CODE           	11C2	0000	29
		_Rcmd3         		CODE           	06E6	0000	243
		_write_data    		CODE           	127E	0000	17
		_setAddrWindow 		CODE           	0E0C	0000	79
		_drawtext      		CODE           	05DC	0000	267
		_fillRect      		CODE           	0EA6	0000	75
		_LCD_Reset     		CODE           	1236	0000	19
		_drawPixel     		CODE           	10E0	0000	49
		_fillRectangle 		CODE           	07D8	0000	221
		_write_command 		CODE           	128E	0000	17
		_drawFastVLine 		CODE           	0A66	0000	137
		_Rcmd2red      		CODE           	0FF6	0000	63
		_TFT_GreenTab_I		CODE           	1110	0000	43
		_delay_ms      		CODE           	0DBA	0000	83
		_Rcmd1         		CODE           	04CC	0000	273
		_spiwrite      		CODE           	1222	0000	21

ST7735_TFT.c estimated size: 1979

I2C_Support.c
		_DS3231_Read_Ti		CODE           	0CA6	0000	101
		_DS1621_Init   		CODE           	11A4	0000	31
		_DS3231_Setup_T		CODE           	0C40	0000	103
		_DS1621_Read_Te		CODE           	1072	0000	61

I2C_Support.c estimated size: 296

C:\Program Files (x86)\Microchip\xc8\v1.34\sources\common\isdigit.c
		_isdigit       		CODE           	1162	0000	35

C:\Program Files (x86)\Microchip\xc8\v1.34\sources\common\isdigit.c estimated size: 35

C:\Program Files (x86)\Microchip\xc8\v1.34\sources\common\strlen.c
		_strlen        		CODE           	0FB8	0000	63

C:\Program Files (x86)\Microchip\xc8\v1.34\sources\common\strlen.c estimated size: 63

shared
		_font          		MEDIUMCONST    	FD9B	0000	256
		_dpowers       		MEDIUMCONST    	FF76	0000	11
		__initializatio		CODE           	0AEE	0000	113
		_hexpowers     		MEDIUMCONST    	FF80	0000	9
		_font2         		MEDIUMCONST    	FE9A	0000	221

shared estimated size: 610

Interrupt.c
		_chkisr        		CODE           	0008	0000	121

Interrupt.c estimated size: 121

C:\Program Files (x86)\Microchip\xc8\v1.34\sources\common\strcpy.c
		_strcpy        		CODE           	10AE	0000	51

C:\Program Files (x86)\Microchip\xc8\v1.34\sources\common\strcpy.c estimated size: 51

C:\Program Files (x86)\Microchip\xc8\v1.34\sources\common\lwdiv.c
		___lwdiv       		CODE           	0D0A	0000	93

C:\Program Files (x86)\Microchip\xc8\v1.34\sources\common\lwdiv.c estimated size: 93

C:\Program Files (x86)\Microchip\xc8\v1.34\sources\common\awdiv.c
		___awdiv       		CODE           	08B4	0000	151

C:\Program Files (x86)\Microchip\xc8\v1.34\sources\common\awdiv.c estimated size: 151

Lab11p3.c
		_putch         		CODE           	129E	0000	15
		_main          		CODE           	094A	0000	143
		_init_UART     		CODE           	120E	0000	21
		_Do_Init       		CODE           	0F38	0000	65
		_Initialize_Scr		CODE           	09D8	0000	143

Lab11p3.c estimated size: 387

C:\Program Files (x86)\Microchip\xc8\v1.34\sources\common\doprnt.c
		_printf        		CODE           	001C	0000	859

C:\Program Files (x86)\Microchip\xc8\v1.34\sources\common\doprnt.c estimated size: 859

C:\Program Files (x86)\Microchip\xc8\v1.34\sources\common\Umul16.c
		___wmul        		CODE           	113A	0000	41

C:\Program Files (x86)\Microchip\xc8\v1.34\sources\common\Umul16.c estimated size: 41

